
🎯 REAL PROFIT CALCULATION ENGINE - VERIFICATION

✅ Backend is running at http://localhost:8000

============================================================
TEST 1: COGS Upload
============================================================
📁 Uploading: demodata/cogsupload.xlsx
✅ SUCCESS: Updated COGS for 1048 products
   Rows Processed: 1048

============================================================
TEST 2: Sales Data Upload (with COGS)
============================================================
📁 Uploading: demodata/zrsd002_11.xlsx
✅ SUCCESS: Processed 18954 rows

============================================================
TEST 3: Dashboard Data Verification
============================================================
📊 KPI Metrics:
   Revenue:       250,363,918,256 VND
   Profit:        96,531,365,972 VND
   Margin:        38.60%
   Revenue Growth: -14.5%
   Profit Growth:  -14.5%

✅ REAL PROFIT ACTIVE: Margin is 38.60% (not fixed 30%)

============================================================
VERIFICATION SUMMARY
============================================================
✅ ALL TESTS PASSED - Real Profit Engine is ACTIVE!

🎉 Next Steps:
   1. Open http://localhost:3000
   2. Check the Profit Margin KPI card
   3. Ask AI Analyst: 'What is our profit margin?'
